
Running 76 tests using 4 workers

(node:3631111) Warning: The 'NO_COLOR' env is ignored due to the 'FORCE_COLOR' env being set.
(Use `node --trace-warnings ...` to show where the warning was created)
(node:3631119) Warning: The 'NO_COLOR' env is ignored due to the 'FORCE_COLOR' env being set.
(Use `node --trace-warnings ...` to show where the warning was created)
(node:3631112) Warning: The 'NO_COLOR' env is ignored due to the 'FORCE_COLOR' env being set.
(Use `node --trace-warnings ...` to show where the warning was created)
(node:3631118) Warning: The 'NO_COLOR' env is ignored due to the 'FORCE_COLOR' env being set.
(Use `node --trace-warnings ...` to show where the warning was created)
  ✓   1 [chromium] › specs/command-form-generation.spec.ts:21:3 › Story 3.1: generated command forms › counter sample exposes generated inline, compact, and full-page command forms (2.6s)
  ✓   4 [chromium] › specs/command-form-generation.spec.ts:98:3 › Story 3.1: generated command forms › invalid generated editors expose invalid state and their error on the focusable control (2.8s)
  ✓   6 [chromium] › specs/command-form-generation.spec.ts:170:3 › Story 3.1: generated command forms › field accessibility observation disconnects when a route ancestor is removed (947ms)
  ✓   5 [chromium] › specs/command-form-generation.spec.ts:131:3 › Story 3.1: generated command forms › field description fallback tracks an existing error text change (1.4s)
  ✓   7 [chromium] › specs/command-form-generation.spec.ts:223:3 › Story 3.2: command form density rule › non-derivable field count selects inline, compact inline, and full-page surfaces (2.9s)
  ✓   3 [chromium] › specs/command-form-generation.spec.ts:67:3 › Story 3.1: generated command forms › full-page generated form blocks invalid numbers then submits after correction (10.4s)
  ✓   9 [chromium] › specs/destructive-command-confirmation.spec.ts:19:3 › Story 4.1: destructive command confirmation › cancel and Escape keep the destructive command idle and reusable (4.9s)
  ✓   2 [chromium] › specs/command-form-generation.spec.ts:51:3 › Story 3.1: generated command forms › compact generated form submits and reaches confirmed lifecycle feedback (13.2s)
  ✓  12 [chromium] › specs/destructive-command-confirmation.spec.ts:194:3 › Story 4.1: destructive command confirmation › a real settings modal prevents opening a nested destructive dialog (2.5s)
  ✓  13 [chromium] › specs/destructive-command-confirmation.spec.ts:219:3 › Story 4.1: destructive command confirmation › body and document origins fall back to the route heading after an overlay closes (1.4s)
  ✓  14 [chromium] › specs/destructive-command-confirmation.spec.ts:246:3 › Story 4.1: destructive command confirmation › one modal reservation survives long preparation and refuses competing shell overlays (1.8s)
  ✓   8 [chromium] › specs/command-form-generation.spec.ts:279:3 › Story 3.3: FC-CMD pending identity and correlation contract › generated compact form keeps identity framework-owned while command reaches pending confirmation (15.5s)
  ✓  15 [chromium] › specs/destructive-command-confirmation.spec.ts:474:3 › Story 4.1: destructive command confirmation › validation focus fallbacks use the next invalid target and survive a missing summary (838ms)
  ✓  10 [chromium] › specs/destructive-command-confirmation.spec.ts:81:3 › Story 4.1: destructive command confirmation › confirmation is required before dispatch and reaches terminal feedback once confirmed (9.7s)
  ✓  16 [chromium] › specs/destructive-command-confirmation.spec.ts:512:3 › Story 4.1: destructive command confirmation › removed destructive invoker restores focus to the route heading (1.5s)
  ✓  17 [chromium] › specs/form-abandonment-guard.spec.ts:20:3 › Story 4.2: unsaved full-page command form abandonment guard › clean generated full-page command form navigates without warning (1.0s)
  ✓  18 [chromium] › specs/form-abandonment-guard.spec.ts:32:3 › Story 4.2: unsaved full-page command form abandonment guard › dirty generated full-page command form below threshold navigates without warning (1.3s)
  ✓  21 [chromium] › specs/form-abandonment-guard.spec.ts:131:3 › Story 4.2: unsaved full-page command form abandonment guard › deferred edited-origin return preserves a reopened warning action (1.0s)
  ✓  11 [chromium] › specs/destructive-command-confirmation.spec.ts:108:3 › Story 4.1: destructive command confirmation › validation failure and rapid clicks cannot bypass the destructive gate (11.1s)
  ✓  22 [chromium] › specs/form-abandonment-guard.spec.ts:162:3 › Story 4.2: unsaved full-page command form abandonment guard › a sibling guard warning does not suppress this form edited-origin return (1.4s)
  ✓  23 [chromium] › specs/form-abandonment-guard.spec.ts:194:3 › Story 4.2: unsaved full-page command form abandonment guard › removed edited control restores focus to the marked full-page command heading (1.7s)
  ✓  25 [chromium] › specs/one-at-a-time-execution-policy.spec.ts:15:3 › Story 4.3: one-at-a-time execution policy › FC-CNC contract records block-not-queue v1 semantics (9ms)
  ✓  24 [chromium] › specs/form-abandonment-guard.spec.ts:225:3 › Story 4.2: unsaved full-page command form abandonment guard › sequenced capture ignores a stale earlier edit after focus moves to a warning action (1.5s)
  ✓  27 [chromium] › specs/one-at-a-time-execution-policy.spec.ts:148:3 › Story 13.3: View active command availability › a hidden active lifecycle offers no View active command target (975ms)
  ✓  19 [chromium] › specs/form-abandonment-guard.spec.ts:46:3 › Story 4.2: unsaved full-page command form abandonment guard › dirty generated full-page command form after threshold supports stay, Escape, and leave (8.9s)
  ✓  20 [chromium] › specs/form-abandonment-guard.spec.ts:95:3 › Story 4.2: unsaved full-page command form abandonment guard › palette navigation from a dirty form focuses Stay after the modal closes (9.4s)
  ✓  30 [chromium] › specs/policy-gated-command-authorization.spec.ts:92:3 › Story 4.4: policy-gated command authorization › a background denial focuses its heading only when the replaced form held focus (711ms)
  ✓  29 [chromium] › specs/policy-gated-command-authorization.spec.ts:54:3 › Story 4.4: policy-gated command authorization › denied protected specimen command fails closed without leaking policy metadata (2.0s)
  ✓  28 [chromium] › specs/policy-gated-command-authorization.spec.ts:32:3 › Story 4.4: policy-gated command authorization › allowed protected specimen command renders the form and dispatches after authorization (8.5s)
  ✓  31 [chromium] › specs/policy-gated-command-authorization.spec.ts:148:3 › Story 13.3: submit-time denial focus › dispatch denial replaces editors with one focused non-live heading (4.9s)
  ✓  34 [chromium] › specs/route-contract.spec.ts:13:3 › Story 11.7: generated command and module route contract › Home shortcut opens the directory while the Counter root remains available (1.6s)
  ✓  35 [chromium] › specs/route-contract.spec.ts:26:3 › Story 11.7: generated command and module route contract › specimen module tile opens its default Overview tab (1.1s)
  ✓  33 [chromium] › specs/policy-gated-command-authorization.spec.ts:292:3 › Story 13.3: unmapped rejection recovery focus › Edit and retry moves real browser focus to the first generated editor (2.9s)
  ✓  26 [chromium] › specs/one-at-a-time-execution-policy.spec.ts:34:3 › Story 4.3: one-at-a-time execution policy › accepted pending command blocks another generated form until terminal confirmation (15.8s)
  ✓  38 [chromium] › specs/route-contract.spec.ts:95:3 › Story 11.7: generated command and module route contract › invalid module tab selects Overview with one persistent announcement (1.2s)
  ✓  36 [chromium] › specs/route-contract.spec.ts:43:3 › Story 11.7: generated command and module route contract › module workspace palette activation reaches the generated full-page command (3.9s)
  ✓  39 [chromium] › specs/route-contract.spec.ts:107:3 › Story 11.7: generated command and module route contract › keyboard tab selection keeps tab focus while changing the module route (1.2s)
  ✓  37 [chromium] › specs/policy-gated-command-authorization.spec.ts:324:3 › Story 13.3: unmapped rejection recovery focus › unmapped rejection recovery actions work from the keyboard alone (3.3s)
  ✓  41 [chromium] › specs/route-contract.spec.ts:139:3 › Story 11.7: generated command and module route contract › mixed-case tab URL selects Projection without fallback (1.2s)
  ✓  40 [chromium] › specs/route-contract.spec.ts:122:3 › Story 11.7: generated command and module route contract › palette and settings return focus to their captured header triggers (1.8s)
  ✓  43 [chromium] › specs/route-contract.spec.ts:168:3 › Story 11.7: generated command and module route contract › denied routed content reports failure without confirming the route (854ms)
  ✓  42 [chromium] › specs/route-contract.spec.ts:148:3 › Story 11.7: generated command and module route contract › failed-route focus confirmation leaves an open palette query and focus intact (1.1s)
  ✓  45 [chromium] › specs/route-contract.spec.ts:203:3 › Story 11.7: generated command and module route contract › route focus waits for a delayed incoming heading instead of confirming the outgoing one (1.1s)
  ✓  46 [chromium] › specs/route-contract.spec.ts:237:3 › Story 11.7: generated command and module route contract › route focus reports a permanently missing heading after authorization deadline (1.2s)
  ✓  44 [chromium] › specs/route-contract.spec.ts:193:3 › Story 11.7: generated command and module route contract › removed overlay origin restores focus to the current route heading (1.5s)
  ✓  32 [chromium] › specs/policy-gated-command-authorization.spec.ts:193:3 › Story 13.3: mapped rejection recovery focus › keyboard dismissal preserves mapped errors and values, then permits a corrected retry (15.0s)
  ✓  48 [chromium] › specs/route-contract.spec.ts:292:1 › later route heading replacement preserves an operator control focus (958ms)
  ✓  47 [chromium] › specs/route-contract.spec.ts:265:3 › Story 11.7: generated command and module route contract › route focus confirms a reused heading with identical text after a route parameter change (1.1s)
  ✓  49 [chromium] › specs/route-contract.spec.ts:304:1 › repeated palette shortcut preserves the original invoker (1.1s)
  ✓  52 [chromium] › specs/route-contract.spec.ts:349:1 › later keyboard focus movement suppresses delayed overlay entry (992ms)
  ✓  51 [chromium] › specs/route-contract.spec.ts:331:1 › owned denied route suppresses the denied heading focus (1.1s)
  ✓  50 [chromium] › specs/route-contract.spec.ts:315:1 › typing before delayed overlay entry does not cancel focus (1.1s)
  ✓  53 [chromium] › specs/route-contract.spec.ts:371:3 › header specimen has a focused route heading: Default header logo (930ms)
  ✓  55 [chromium] › specs/specimen-accessibility.spec.ts:50:3 › FrontComposer accessibility and visual specimens › manifest names owned nonblank specimen routes and exactly six visual combinations (161ms)
  ✓  54 [chromium] › specs/route-contract.spec.ts:371:3 › header specimen has a focused route heading: Custom header logo (686ms)
  ✓  58 [chromium] › specs/specimen-accessibility.spec.ts:55:5 › FrontComposer accessibility and visual specimens › page-toolbar specimen is nonblank and passes blocking axe gate (2.2s)
  ✓  57 [chromium] › specs/specimen-accessibility.spec.ts:55:5 › FrontComposer accessibility and visual specimens › data-formatting specimen is nonblank and passes blocking axe gate (2.4s)
  ✓  59 [chromium] › specs/specimen-accessibility.spec.ts:66:3 › FrontComposer accessibility and visual specimens › type specimen renders required shell, density, badge, lifecycle, detail, and nav surfaces (1.9s)
  ✓  56 [chromium] › specs/specimen-accessibility.spec.ts:55:5 › FrontComposer accessibility and visual specimens › type specimen is nonblank and passes blocking axe gate (3.0s)
  ✓  60 [chromium] › specs/specimen-accessibility.spec.ts:91:3 › FrontComposer accessibility and visual specimens › dark generated command specimens keep readable foreground contrast (1.0s)
  ✓  62 [chromium] › specs/specimen-accessibility.spec.ts:226:3 › FrontComposer accessibility and visual specimens › data-formatting specimen renders deterministic text and accessible names (1.1s)
  ✓  61 [chromium] › specs/specimen-accessibility.spec.ts:208:5 › FrontComposer accessibility and visual specimens › status icon touch interactions › status icons expose contextual labels and reveal tooltips on focus, hover, and touch (1.8s)
  ✓  64 [chromium] › specs/specimen-accessibility.spec.ts:276:3 › FrontComposer accessibility and visual specimens › focus-visible indicator remains visible over lifecycle visuals (1.8s)
  ✓  65 [chromium] › specs/specimen-accessibility.spec.ts:294:3 › FrontComposer accessibility and visual specimens › story 11.5 scoped Fluent-root visual hooks are reachable in normal and reduced motion (2.4s)
  ✓  63 [chromium] › specs/specimen-accessibility.spec.ts:243:3 › FrontComposer accessibility and visual specimens › keyboard flow reaches skip link, controls, grid, command form, detail, and nav without traps (3.3s)
  ✓  66 [chromium] › specs/specimen-accessibility.spec.ts:403:3 › FrontComposer accessibility and visual specimens › forced-colors and reduced-motion states are active and perceivable (2.8s)
  ✓  67 [chromium] › specs/specimen-accessibility.spec.ts:431:5 › FrontComposer accessibility and visual specimens › zoom and reflow keep critical controls reachable at 100% (2.2s)
  ✓  68 [chromium] › specs/specimen-accessibility.spec.ts:431:5 › FrontComposer accessibility and visual specimens › zoom and reflow keep critical controls reachable at 200% (1.9s)
  ✓  69 [chromium] › specs/specimen-accessibility.spec.ts:431:5 › FrontComposer accessibility and visual specimens › zoom and reflow keep critical controls reachable at 400% (2.0s)
  ✓  71 [chromium] › specs/specimen-accessibility.spec.ts:444:5 › FrontComposer accessibility and visual specimens › visual baseline light comfortable (2.4s)
  ✓  70 [chromium] › specs/specimen-accessibility.spec.ts:444:5 › FrontComposer accessibility and visual specimens › visual baseline light compact (2.7s)
  ✓  72 [chromium] › specs/specimen-accessibility.spec.ts:444:5 › FrontComposer accessibility and visual specimens › visual baseline light roomy (2.5s)
  ✓  73 [chromium] › specs/specimen-accessibility.spec.ts:444:5 › FrontComposer accessibility and visual specimens › visual baseline dark compact (2.4s)
  ✓  75 [chromium] › specs/specimen-accessibility.spec.ts:444:5 › FrontComposer accessibility and visual specimens › visual baseline dark roomy (1.7s)
  ✓  74 [chromium] › specs/specimen-accessibility.spec.ts:444:5 › FrontComposer accessibility and visual specimens › visual baseline dark comfortable (1.8s)
  ✓  76 [chromium] › specs/specimen-accessibility.spec.ts:459:3 › FrontComposer accessibility and visual specimens › production-style route exposure fails closed when specimen host configuration is absent (2.8s)

  76 passed (1.1m)
