xUnit.net v3 In-Process Runner v4.0.1+8ed8aa354c (64-bit .NET 10.0.12)
  Discovering: Hexalith.FrontComposer.Shell.Tests
  Discovered:  Hexalith.FrontComposer.Shell.Tests
  Starting:    Hexalith.FrontComposer.Shell.Tests
Mock driver logs:

2026-10-04T15:40:07.852825Z  INFO tokio-runtime-worker pact_mock_server::hyper_server: Received request POST /api/v1/commands
2026-10-04T15:40:07.853847Z  INFO tokio-runtime-worker pact_mock_server::hyper_server: Request matched, sending response

Mock driver logs:

2026-10-04T15:40:07.946285Z  INFO tokio-runtime-worker pact_mock_server::hyper_server: Received request POST /api/v1/commands
2026-10-04T15:40:07.946885Z  INFO tokio-runtime-worker pact_mock_server::hyper_server: Request matched, sending response

Mock driver logs:

2026-10-04T15:40:07.961202Z  INFO tokio-runtime-worker pact_mock_server::hyper_server: Received request POST /api/v1/commands
2026-10-04T15:40:07.961825Z  INFO tokio-runtime-worker pact_mock_server::hyper_server: Request matched, sending response

Mock driver logs:

2026-10-04T15:40:07.964688Z  INFO tokio-runtime-worker pact_mock_server::hyper_server: Received request POST /api/v1/commands
2026-10-04T15:40:07.965466Z  INFO tokio-runtime-worker pact_mock_server::hyper_server: Request matched, sending response

Mock driver logs:

2026-10-04T15:40:07.968357Z  INFO tokio-runtime-worker pact_mock_server::hyper_server: Received request POST /api/v1/commands
2026-10-04T15:40:07.969158Z  INFO tokio-runtime-worker pact_mock_server::hyper_server: Request matched, sending response

Mock driver logs:

2026-10-04T15:40:07.996711Z  INFO tokio-runtime-worker pact_mock_server::hyper_server: Received request POST /api/v1/commands
2026-10-04T15:40:07.997614Z  INFO tokio-runtime-worker pact_mock_server::hyper_server: Request matched, sending response

Mock driver logs:

2026-10-04T15:40:07.999448Z  INFO tokio-runtime-worker pact_mock_server::hyper_server: Received request POST /api/v1/commands
2026-10-04T15:40:07.999995Z  INFO tokio-runtime-worker pact_mock_server::hyper_server: Request matched, sending response

Mock driver logs:

2026-10-04T15:40:08.003142Z  INFO tokio-runtime-worker pact_mock_server::hyper_server: Received request POST /api/v1/commands
2026-10-04T15:40:08.003678Z  INFO tokio-runtime-worker pact_mock_server::hyper_server: Request matched, sending response

Mock driver logs:

2026-10-04T15:40:08.023205Z  INFO tokio-runtime-worker pact_mock_server::hyper_server: Received request POST /api/v1/queries
2026-10-04T15:40:08.024464Z  INFO tokio-runtime-worker pact_mock_server::hyper_server: Request matched, sending response

Mock driver logs:

2026-10-04T15:40:08.031546Z  INFO tokio-runtime-worker pact_mock_server::hyper_server: Received request POST /api/v1/queries
2026-10-04T15:40:08.032443Z  INFO tokio-runtime-worker pact_mock_server::hyper_server: Request matched, sending response

Mock driver logs:

2026-10-04T15:40:08.074887Z  INFO tokio-runtime-worker pact_mock_server::hyper_server: Received request POST /api/v1/queries
2026-10-04T15:40:08.076005Z  INFO tokio-runtime-worker pact_mock_server::hyper_server: Request matched, sending response

Mock driver logs:

2026-10-04T15:40:08.080070Z  INFO tokio-runtime-worker pact_mock_server::hyper_server: Received request POST /api/v1/queries
2026-10-04T15:40:08.081336Z  INFO tokio-runtime-worker pact_mock_server::hyper_server: Request matched, sending response

Mock driver logs:

2026-10-04T15:40:08.097116Z  INFO tokio-runtime-worker pact_mock_server::hyper_server: Received request POST /api/v1/queries
2026-10-04T15:40:08.100067Z  INFO tokio-runtime-worker pact_mock_server::hyper_server: Request matched, sending response

Mock driver logs:

2026-10-04T15:40:08.102773Z  INFO tokio-runtime-worker pact_mock_server::hyper_server: Received request POST /api/v1/queries
2026-10-04T15:40:08.103183Z  INFO tokio-runtime-worker pact_mock_server::hyper_server: Request matched, sending response

Mock driver logs:

2026-10-04T15:40:08.106222Z  INFO tokio-runtime-worker pact_mock_server::hyper_server: Received request POST /api/v1/queries
2026-10-04T15:40:08.106611Z  INFO tokio-runtime-worker pact_mock_server::hyper_server: Request matched, sending response

Mock driver logs:

2026-10-04T15:40:08.112956Z  INFO tokio-runtime-worker pact_mock_server::hyper_server: Received request POST /api/v1/queries
2026-10-04T15:40:08.113896Z  INFO tokio-runtime-worker pact_mock_server::hyper_server: Request matched, sending response

Mock driver logs:

2026-10-04T15:40:08.160619Z  INFO tokio-runtime-worker pact_mock_server::hyper_server: Received request POST /api/v1/queries
2026-10-04T15:40:08.161753Z  INFO tokio-runtime-worker pact_mock_server::hyper_server: Request matched, sending response

Mock driver logs:

2026-10-04T15:40:08.176393Z  INFO tokio-runtime-worker pact_mock_server::hyper_server: Received request POST /api/v1/commands
2026-10-04T15:40:08.177075Z  INFO tokio-runtime-worker pact_mock_server::hyper_server: Request matched, sending response

Mock driver logs:

2026-10-04T15:40:08.186229Z  INFO tokio-runtime-worker pact_mock_server::hyper_server: Received request POST /api/v1/queries
2026-10-04T15:40:08.187023Z  INFO tokio-runtime-worker pact_mock_server::hyper_server: Request matched, sending response

  Finished:    Hexalith.FrontComposer.Shell.Tests (ID = '47ea1885be85e02ea5ab6d4f3f0a3316b9743a6877b49a72f290b3b7fc1a0f08')
=== TEST EXECUTION SUMMARY ===
   Hexalith.FrontComposer.Shell.Tests  Total: 3103, Errors: 0, Failed: 0, Skipped: 0, Not Run: 0, Time: 128.627s
